node:internal/modules/package_json_reader:314
  throw new ERR_MODULE_NOT_FOUND(packageName, fileURLToPath(base), null);
        ^

Error [ERR_MODULE_NOT_FOUND]: Cannot find package 'mysql2' imported from /home/runner/work/multi-business-multi-role-growth-intelligence-os/multi-business-multi-role-growth-intelligence-os/http-generic-api/db.js
    at Object.getPackageJSONURL (node:internal/modules/package_json_reader:314:9)
    at packageResolve (node:internal/modules/esm/resolve:768:81)
    at moduleResolve (node:internal/modules/esm/resolve:855:18)
    at defaultResolve (node:internal/modules/esm/resolve:985:11)
    at #cachedDefaultResolve (node:internal/modules/esm/loader:747:20)
    at ModuleLoader.resolve (node:internal/modules/esm/loader:724:38)
    at ModuleLoader.getModuleJobForImport (node:internal/modules/esm/loader:320:38)
    at ModuleJob._link (node:internal/modules/esm/module_job:182:49) {
  code: 'ERR_MODULE_NOT_FOUND'
}

Node.js v22.23.1
Traceback (most recent call last):
  File "/home/runner/work/multi-business-multi-role-growth-intelligence-os/multi-business-multi-role-growth-intelligence-os/.github/scripts/spec011-ephemeral-checkout-preflight-bootstrap.py", line 75, in <module>
    subprocess.run(args, cwd=ROOT / "http-generic-api", check=True)
  File "/usr/lib/python3.12/subprocess.py", line 571, in run
    raise CalledProcessError(retcode, process.args,
subprocess.CalledProcessError: Command '['node', 'test-release-readiness-migration-drift.mjs']' returned non-zero exit status 1.
